
.dex file statistics:
  file_size                     : 2756
  data_size                     : 1900
  link_size                     : 0
  class_defs_size               : 5
  string_ids_size               : 54
  type_ids_size                 : 20
  proto_ids_size                : 10
  field_ids_size                : 2
  method_ids_size               : 19
  map_list_size                 : 16


.dex IR statistics:
  strings                       : 36
  types                         : 14
  protos                        : 7
  fields                        : 1
  encoded_fields                : 0
  methods                       : 12
  encoded_methods               : 3
  classes                       : 1
  type_lists                    : 4
  code                          : 3
  debug_info                    : 3
  encoded_values                : 0
  encoded_arrays                : 0
  annotations                   : 0
  annotation_elements           : 0
  annotation_sets               : 0
  annotation_set_ref_lists      : 0
  annotations_directories       : 0
  field_annotations             : 0
  method_annotations            : 0
  param_annotations             : 0

